Traceback (most recent call last):
  File "/Users/shivanshusharma/Documents/AGY_Projects/shorts/src/shorts/pipeline.py", line 243, in generate
    compose_video(
    ~~~~~~~~~~~~~^
        scene_images=local_scene_images,
        ^^^^^^^^^^^^^^^^^^^^^^^^^^^^^^^^
    ...<10 lines>...
        transition=job.transition
        ^^^^^^^^^^^^^^^^^^^^^^^^^
    )
    ^
  File "/Users/shivanshusharma/Documents/AGY_Projects/shorts/src/shorts/render/compose.py", line 196, in compose_video
    raise RuntimeError(f"FFmpeg failed with code {process.returncode}. Last error lines:\n{error_tail}\nSee {log_path} for details.")
RuntimeError: FFmpeg failed with code 234. Last error lines:
ffmpeg version 9.0.2 Copyright (c) 2000-2026 the FFmpeg developers
  built with Apple clang version 21.0.0 (clang-2100.3.34.2)
  configuration: --prefix=/opt/homebrew/Cellar/ffmpeg/9.0.2 --enable-shared --enable-pthreads --enable-version3 --cc=clang --host-cflags= --host-ldflags= --enable-ffplay --enable-gpl --enable-libsvtav1 --enable-libopus --enable-libx264 --enable-libmp3lame --enable-libdav1d --enable-libvmaf --enable-libvpx --enable-libx265 --enable-openssl --enable-videotoolbox --enable-audiotoolbox --enable-neon
  libavutil      61.  1.102 / 61.  1.102
  libavcodec     63.  1.102 / 63.  1.102
  libavformat    63.  1.102 / 63.  1.102
  libavdevice    63.  1.102 / 63.  1.102
  libavfilter    12.  1.102 / 12.  1.102
  libswscale     10.  1.102 / 10.  1.102
  libswresample   7.  1.102 /  7.  1.102
[AVFilterGraph @ 0x758c20000] No option name near 'runs/382261a0/captions.ass:fontsdir=assets/fonts'
[AVFilterGraph @ 0x758c20000] Error parsing a filter description around: [with_subs];
[with_subs]null[with_progress]
[AVFilterGraph @ 0x758c20000] Error parsing filterchain '[xfade3]subtitles=runs/382261a0/captions.ass:fontsdir=assets/fonts[with_subs];
[with_subs]null[with_progress]' around: [with_subs];
[with_subs]null[with_progress]
Error : Invalid argument

See logs/ffmpeg_382261a0.txt for details.
